{
    "Should run without failures": {
        "content": [
            {
                "0": [
                    [
                        "ESIB_EQA_2024_SARS1_01",
                        "sorted.bam:md5,1c3483a21382d0c6fb3c80a656c68f37",
                        "sorted.bam.bai:md5,dc6f03362b2b0952d10d42862b1218f6"
                    ]
                ]
            }
        ],
        "meta": {
            "nf-test": "0.8.4",
            "nextflow": "23.10.1"
        },
        "timestamp": "2024-05-16T08:21:18.807542168"
    }
}